// Jest Snapshot v1, https://goo.gl/fbAQLP

exports[`should render RecipeDashboardPage correctly 1`] = `
<div>
  <Connect(RecipesSummary) />
  <Connect(RecipeListFilters) />
  <Connect(RecipeList) />
</div>
`;
